
> coop-ai@0.1.10 test:project-instructions
> NODE_OPTIONS='-r ./scripts/vscode-test-stub.cjs' npx tsx src/context/projectInstructionsStatus.test.ts && NODE_OPTIONS='-r ./scripts/vscode-test-stub.cjs' npx tsx src/webview/lib/agentsMdStatus.test.ts && npx tsx src/context/agentsMdSkeleton.test.ts && npx tsx src/context/agentsMdAttachmentRecord.test.ts && npx tsx src/webview/webviewBrowserSafe.test.ts

✔ resolveProjectInstructionsState reports missing when git repo has no AGENTS.md (1.486958ms)
✔ resolveProjectInstructionsState does not treat workspace AGENTS.md as attached (0.761ms)
✔ resolveProjectInstructionsState reports missing when only repo rule files exist (1.087541ms)
✔ resolveProjectInstructionsState uses attached AGENTS.md without git root (0.62125ms)
✔ resolveProjectInstructionsState uses attached file even when workspace has a different AGENTS.md (1.427084ms)
✔ resolveProjectInstructionsState Use-repo ignores a personal attached file (0.829334ms)
✔ resolveProjectInstructionsState Use-repo reports remote AGENTS.md (0.075291ms)
✔ AGENTS.md create template is a blank starter, not Coop-AI's repo guide (0.142209ms)
✔ loadProjectInstructions includes alwaysApply cursor rules (1.371ms)
✔ loadProjectInstructionsCached reuses hot-path result for same cache key (1.074458ms)
✔ loadProjectInstructionsCached invalidates when attached path changes (0.741292ms)
ℹ tests 11
ℹ suites 0
ℹ pass 11
ℹ fail 0
ℹ cancelled 0
ℹ skipped 0
ℹ todo 0
ℹ duration_ms 22.7115
✔ agentsMdAttached is true only when hasAgentsMd is set (0.386291ms)
✔ shouldPromptForAgentsMd stays off for Use-repo and for an L file with no upload (0.072583ms)
✔ canDetachAgentsMd only for a personal attached file (0.066ms)
ℹ tests 3
ℹ suites 0
ℹ pass 3
ℹ fail 0
ℹ cancelled 0
ℹ skipped 0
ℹ todo 0
ℹ duration_ms 11.45
✔ unusedAgentsMdRootPath skips an existing repo AGENTS.md (0.435625ms)
✔ agentsMdSkeleton stays browser-safe for the webview (0.202667ms)
ℹ tests 2
ℹ suites 0
ℹ pass 2
ℹ fail 0
ℹ cancelled 0
ℹ skipped 0
ℹ todo 0
ℹ duration_ms 11.1775
✔ normalizeAgentsMdAccountKey requires a signed-in email (0.374625ms)
✔ readAttachedAgentsMdPath is per-account and empty when signed out (0.179625ms)
✔ writeAttachedAgentsMdPath removes only that account (0.087708ms)
✔ legacy workspace pointer is discarded and never returned (0.054708ms)
ℹ tests 4
ℹ suites 0
ℹ pass 4
ℹ fail 0
ℹ cancelled 0
ℹ skipped 0
ℹ todo 0
ℹ duration_ms 11.587958
✔ webview bundle does not eagerly require Node builtins (75.008833ms)
ℹ tests 1
ℹ suites 0
ℹ pass 1
ℹ fail 0
ℹ cancelled 0
ℹ skipped 0
ℹ todo 0
ℹ duration_ms 78.690125
