Release evidence incomplete: 121 issues
Missing metadata: vsixHash
Invalid candidate hash: vsixHash
Backend deployment is unverified
Automated gate incomplete: test:ci
Automated gate incomplete: test:agent-ship
Automated gate incomplete: build:extension-dev
Automated gate incomplete: surface-builds
Live check incomplete: DF-002/cold (NOT_RUN)
Live check incomplete: DF-002/after-repo-switch (NOT_RUN)
Live check incomplete: DF-003/cold (NOT_RUN)
Live check incomplete: DF-003/warm (FAIL)
Live check incomplete: DF-003/after-repo-switch (NOT_RUN)
Live check incomplete: DF-004/cold (NOT_RUN)
Live check incomplete: DF-004/warm (FAIL)
Live check incomplete: DF-004/after-repo-switch (NOT_RUN)
Live check incomplete: DF-005/cold (NOT_RUN)
Live check incomplete: DF-005/after-repo-switch (NOT_RUN)
Live check incomplete: DF-006/cold (NOT_RUN)
Live check incomplete: DF-006/warm (FAIL)
Live check incomplete: DF-006/after-repo-switch (NOT_RUN)
Live check incomplete: DF-007/cold (NOT_RUN)
Live check incomplete: DF-007/warm (FAIL)
Live check incomplete: DF-007/after-repo-switch (NOT_RUN)
Live check incomplete: DF-008/cold (NOT_RUN)
Live check incomplete: DF-008/warm (FAIL)
Live check incomplete: DF-008/after-repo-switch (NOT_RUN)
Live check incomplete: DF-009/cold (NOT_RUN)
Live check incomplete: DF-009/warm (FAIL)
Live check incomplete: DF-009/after-repo-switch (NOT_RUN)
Live check incomplete: DF-010/cold (NOT_RUN)
Live check incomplete: DF-010/warm (FAIL)
Live check incomplete: DF-010/after-repo-switch (NOT_RUN)
Live check incomplete: DF-011/cold (NOT_RUN)
Live check incomplete: DF-011/warm (FAIL)
Live check incomplete: DF-011/after-repo-switch (NOT_RUN)
Live check incomplete: DF-012/fresh (BLOCKED)
Live check incomplete: DF-013/fresh (BLOCKED)
Live check incomplete: DF-014/fresh (BLOCKED)
Live check incomplete: DF-015/fresh (BLOCKED)
DF-017/fresh: invalid timing
DF-018/fresh: invalid timing
Live check incomplete: DF-019/fresh (FAIL)
DF-020/fresh: invalid timing
Live check incomplete: DF-021/fresh (FAIL)
Live check incomplete: DF-022/fresh (BLOCKED)
Live check incomplete: DF-023/fresh (BLOCKED)
DF-024/fresh: invalid timing
DF-025/fresh: invalid timing
DF-026/fresh: invalid timing
Live check incomplete: DF-027/fresh (FAIL)
DF-028/fresh: invalid timing
Live check incomplete: DF-029/fresh (BLOCKED)
Live check incomplete: DF-030/fresh (BLOCKED)
Live check incomplete: DF-031/slash (FAIL)
Live check incomplete: DF-031/workflow (NOT_RUN)
Live check incomplete: DF-031/editor-context-menu (NOT_RUN)
Live check incomplete: DF-032/slash (FAIL)
Live check incomplete: DF-032/workflow (FAIL)
Live check incomplete: DF-032/editor-context-menu (NOT_RUN)
Live check incomplete: DF-033/slash (FAIL)
Live check incomplete: DF-033/workflow (NOT_RUN)
Live check incomplete: DF-033/editor-context-menu (NOT_RUN)
Live check incomplete: DF-034/slash (FAIL)
Live check incomplete: DF-034/workflow (NOT_RUN)
DF-034/editor-context-menu: invalid timing
Live check incomplete: DF-035/slash (FAIL)
Live check incomplete: DF-035/workflow (NOT_RUN)
Live check incomplete: DF-035/editor-context-menu (NOT_RUN)
Live check incomplete: DF-036/slash (FAIL)
Live check incomplete: DF-037/connected (BLOCKED)
Live check incomplete: DF-037/disconnected (BLOCKED)
Live check incomplete: DF-037/scope-denied (BLOCKED)
Live check incomplete: DF-038/connected (BLOCKED)
Live check incomplete: DF-038/disconnected (BLOCKED)
Live check incomplete: DF-038/scope-denied (BLOCKED)
Live check incomplete: DF-039/connected (BLOCKED)
Live check incomplete: DF-039/disconnected (BLOCKED)
Live check incomplete: DF-039/scope-denied (BLOCKED)
Live check incomplete: DF-040/connected (BLOCKED)
Live check incomplete: DF-040/disconnected (BLOCKED)
Live check incomplete: DF-040/scope-denied (BLOCKED)
Live check incomplete: DF-041/connected (BLOCKED)
Live check incomplete: DF-041/disconnected (BLOCKED)
Live check incomplete: DF-041/scope-denied (BLOCKED)
Live check incomplete: DF-042/connected (BLOCKED)
Live check incomplete: DF-042/disconnected (BLOCKED)
Live check incomplete: DF-042/scope-denied (BLOCKED)
Live check incomplete: DF-043/fresh (FAIL)
Live check incomplete: DF-044/fresh (BLOCKED)
Live check incomplete: DF-045/fresh (NOT_RUN)
Live check incomplete: DF-046/fresh (NOT_RUN)
Live check incomplete: DF-047/fresh (NOT_RUN)
Live check incomplete: DF-048/fresh (NOT_RUN)
DF-049/fresh: invalid timing
Live check incomplete: DF-050/fresh (BLOCKED)
Live check incomplete: DF-051/fresh (BLOCKED)
Live check incomplete: DF-052/fresh (BLOCKED)
DF-053/fresh: invalid timing
DF-054/fresh: invalid timing
Live check incomplete: DF-055/fresh (FAIL)
Live check incomplete: DF-056/fresh (FAIL)
DF-057/fresh: invalid timing
Live check incomplete: DF-058/fresh (FAIL)
DF-059/fresh: invalid timing
Live check incomplete: DF-060/fresh (BLOCKED)
Live check incomplete: DF-061/fresh (BLOCKED)
Live check incomplete: DF-062/fresh (BLOCKED)
Live check incomplete: DF-063/fresh (BLOCKED)
Live check incomplete: DF-064/fresh (BLOCKED)
Live check incomplete: DF-065/fresh (BLOCKED)
Live check incomplete: DF-066/fresh (BLOCKED)
Live check incomplete: DF-067/fresh (BLOCKED)
Live check incomplete: DF-068/fresh (FAIL)
Live check incomplete: DF-069/fresh (BLOCKED)
Live check incomplete: DF-070/fresh (BLOCKED)
Live check incomplete: DF-071/fresh (BLOCKED)
Live check incomplete: DF-072/fresh (BLOCKED)
Live check incomplete: DF-073/fresh (BLOCKED)
Live check incomplete: DF-074/fresh (BLOCKED)
Live check incomplete: DF-075/fresh (FAIL)
DF-076/connected: invalid timing
