Release evidence incomplete: 120 issues
Live check incomplete: DF-001/cold (NOT_RUN)
Live check incomplete: DF-001/warm (NOT_RUN)
Live check incomplete: DF-001/after-repo-switch (NOT_RUN)
Live check incomplete: DF-002/cold (NOT_RUN)
Live check incomplete: DF-002/warm (NOT_RUN)
Live check incomplete: DF-002/after-repo-switch (NOT_RUN)
Live check incomplete: DF-003/cold (NOT_RUN)
Live check incomplete: DF-003/warm (NOT_RUN)
Live check incomplete: DF-003/after-repo-switch (NOT_RUN)
Live check incomplete: DF-004/cold (NOT_RUN)
Live check incomplete: DF-004/warm (NOT_RUN)
Live check incomplete: DF-004/after-repo-switch (NOT_RUN)
Live check incomplete: DF-005/cold (NOT_RUN)
Live check incomplete: DF-005/warm (NOT_RUN)
Live check incomplete: DF-005/after-repo-switch (NOT_RUN)
Live check incomplete: DF-006/cold (NOT_RUN)
Live check incomplete: DF-006/warm (NOT_RUN)
Live check incomplete: DF-006/after-repo-switch (NOT_RUN)
Live check incomplete: DF-007/cold (NOT_RUN)
Live check incomplete: DF-007/warm (NOT_RUN)
Live check incomplete: DF-007/after-repo-switch (NOT_RUN)
Live check incomplete: DF-008/cold (NOT_RUN)
Live check incomplete: DF-008/warm (NOT_RUN)
Live check incomplete: DF-008/after-repo-switch (NOT_RUN)
Live check incomplete: DF-009/cold (NOT_RUN)
Live check incomplete: DF-009/warm (NOT_RUN)
Live check incomplete: DF-009/after-repo-switch (NOT_RUN)
Live check incomplete: DF-010/cold (NOT_RUN)
Live check incomplete: DF-010/warm (NOT_RUN)
Live check incomplete: DF-010/after-repo-switch (NOT_RUN)
Live check incomplete: DF-011/cold (NOT_RUN)
Live check incomplete: DF-011/warm (NOT_RUN)
Live check incomplete: DF-011/after-repo-switch (NOT_RUN)
Live check incomplete: DF-012/fresh (NOT_RUN)
Live check incomplete: DF-013/fresh (NOT_RUN)
Live check incomplete: DF-014/fresh (NOT_RUN)
Live check incomplete: DF-015/fresh (NOT_RUN)
Live check incomplete: DF-016/fresh (NOT_RUN)
Live check incomplete: DF-017/fresh (NOT_RUN)
Live check incomplete: DF-018/fresh (NOT_RUN)
Live check incomplete: DF-019/fresh (NOT_RUN)
Live check incomplete: DF-020/fresh (NOT_RUN)
Live check incomplete: DF-021/fresh (NOT_RUN)
Live check incomplete: DF-022/fresh (NOT_RUN)
Live check incomplete: DF-023/fresh (NOT_RUN)
Live check incomplete: DF-024/fresh (NOT_RUN)
Live check incomplete: DF-025/fresh (NOT_RUN)
Live check incomplete: DF-026/fresh (NOT_RUN)
Live check incomplete: DF-027/fresh (NOT_RUN)
Live check incomplete: DF-028/fresh (NOT_RUN)
Live check incomplete: DF-029/fresh (NOT_RUN)
Live check incomplete: DF-030/fresh (NOT_RUN)
Live check incomplete: DF-031/slash (NOT_RUN)
Live check incomplete: DF-031/workflow (NOT_RUN)
Live check incomplete: DF-031/editor-context-menu (NOT_RUN)
Live check incomplete: DF-032/slash (NOT_RUN)
Live check incomplete: DF-032/workflow (NOT_RUN)
Live check incomplete: DF-032/editor-context-menu (NOT_RUN)
Live check incomplete: DF-033/slash (NOT_RUN)
Live check incomplete: DF-033/workflow (NOT_RUN)
Live check incomplete: DF-033/editor-context-menu (NOT_RUN)
Live check incomplete: DF-034/slash (NOT_RUN)
Live check incomplete: DF-034/workflow (NOT_RUN)
Live check incomplete: DF-034/editor-context-menu (NOT_RUN)
Live check incomplete: DF-035/slash (NOT_RUN)
Live check incomplete: DF-035/workflow (NOT_RUN)
Live check incomplete: DF-035/editor-context-menu (NOT_RUN)
Live check incomplete: DF-036/slash (NOT_RUN)
Live check incomplete: DF-037/connected (NOT_RUN)
Live check incomplete: DF-037/disconnected (NOT_RUN)
Live check incomplete: DF-037/scope-denied (NOT_RUN)
Live check incomplete: DF-038/connected (NOT_RUN)
Live check incomplete: DF-038/disconnected (NOT_RUN)
Live check incomplete: DF-038/scope-denied (NOT_RUN)
Live check incomplete: DF-039/connected (NOT_RUN)
Live check incomplete: DF-039/disconnected (NOT_RUN)
Live check incomplete: DF-039/scope-denied (NOT_RUN)
Live check incomplete: DF-040/connected (NOT_RUN)
Live check incomplete: DF-040/disconnected (NOT_RUN)
Live check incomplete: DF-040/scope-denied (NOT_RUN)
Live check incomplete: DF-041/connected (NOT_RUN)
Live check incomplete: DF-041/disconnected (NOT_RUN)
Live check incomplete: DF-041/scope-denied (NOT_RUN)
Live check incomplete: DF-042/connected (NOT_RUN)
Live check incomplete: DF-042/disconnected (NOT_RUN)
Live check incomplete: DF-042/scope-denied (NOT_RUN)
Live check incomplete: DF-043/fresh (NOT_RUN)
Live check incomplete: DF-044/fresh (BLOCKED)
Live check incomplete: DF-045/fresh (NOT_RUN)
Live check incomplete: DF-046/fresh (NOT_RUN)
Live check incomplete: DF-047/fresh (NOT_RUN)
Live check incomplete: DF-048/fresh (NOT_RUN)
Live check incomplete: DF-049/fresh (NOT_RUN)
Live check incomplete: DF-050/fresh (NOT_RUN)
Live check incomplete: DF-051/fresh (NOT_RUN)
Live check incomplete: DF-052/fresh (NOT_RUN)
Live check incomplete: DF-053/fresh (NOT_RUN)
Live check incomplete: DF-054/fresh (NOT_RUN)
Live check incomplete: DF-055/fresh (NOT_RUN)
Live check incomplete: DF-056/fresh (NOT_RUN)
Live check incomplete: DF-057/fresh (NOT_RUN)
Live check incomplete: DF-058/fresh (NOT_RUN)
Live check incomplete: DF-059/fresh (NOT_RUN)
Live check incomplete: DF-060/fresh (NOT_RUN)
Live check incomplete: DF-061/fresh (NOT_RUN)
Live check incomplete: DF-062/fresh (NOT_RUN)
Live check incomplete: DF-063/fresh (NOT_RUN)
Live check incomplete: DF-064/fresh (NOT_RUN)
Live check incomplete: DF-065/fresh (NOT_RUN)
Live check incomplete: DF-066/fresh (NOT_RUN)
Live check incomplete: DF-067/fresh (NOT_RUN)
Live check incomplete: DF-068/fresh (NOT_RUN)
Live check incomplete: DF-069/fresh (NOT_RUN)
Live check incomplete: DF-070/fresh (NOT_RUN)
Live check incomplete: DF-071/fresh (NOT_RUN)
Live check incomplete: DF-072/fresh (NOT_RUN)
Live check incomplete: DF-073/fresh (NOT_RUN)
Live check incomplete: DF-074/fresh (BLOCKED)
Live check incomplete: DF-075/fresh (NOT_RUN)
Live check incomplete: DF-076/connected (NOT_RUN)
