
> coop-ai@0.1.10 test:quick-action-prompts
> npx tsx src/prompts/quickActionPrompts.test.ts

  ✓ display text omits format instructions for knowledge-gaps
  ✓ model prompt includes evidence sources for knowledge-gaps
  ✓ history content uses chip line separator
  ✓ quickActionHistoryContent uses knowledge-gaps tag prefix
  ✓ quickActionHistoryContent preserves slash args and mentions for knowledge-gaps
  ✓ knowledge-gaps model prompt supports repo-wide scope without file
  ✓ find-owner model prompt supports repo-wide scope without file
  ✓ understand-repo model prompt supports repo-wide scope without file
  ✓ understand-repo model prompt steers repo-wide
  ✓ trace-decision model prompt references integration evidence
  ✓ trace-decision history content uses unified bubble format
  ✓ trace-decision slash args preserved in history bubble
  ✓ trace-decision model prompt handles out-of-scope @ attachments
  ✓ find-owner model prompt references identity links
  ✓ find-owner history content matches grid button format
  ✓ find-owner model prompt handles out-of-scope @ attachments
  ✓ blast-radius model prompt prioritizes top ranked risk surfaces
  ✓ understand-repo repo-wide model prompt defers cross-action pointer to the synthesis closer
  ✓ find-owner repo-wide model prompt suggests cross-actions
  ✓ blast-radius history includes branch chip
  ✓ appendQuickActionMentionScope adds blast-radius guidance
  ✓ quickActionHistoryContent matches grid button format
  ✓ quickActionHistoryContent preserves user args after slash command
  ✓ quickActionHistoryContent shows attached files in bubble chips
  ✓ quickActionHistoryContent shows attached files with slash args
  ✓ quickActionHistoryContent labels local workspace attachments
  ✓ understand-repo model prompt excludes foreign paths from target repo architecture
  ✓ appendQuickActionMentionScope adds guidance to slash args
  ✓ display and model differ for all actions

quickActionPrompts: 29/29 tests passed
