
> coop-ai@0.1.10 test:integration-scope
> npx tsx src/server/resolveIntegrationScope.test.ts && npx tsx src/integrationScope/slackQuery.test.ts && npx tsx src/integrationScope/atlassianQuery.test.ts && npx tsx src/integrationScope/notionQuery.test.ts && npx tsx src/integrationScope/googleDocsQuery.test.ts && npx tsx src/context/jiraContext.test.ts && npx tsx src/context/integrationScopeContext.test.ts && npx tsx src/server/slackAppService.test.ts && npx tsx src/api/slack/slackClient.scopePicker.test.ts && npx tsx src/server/codeHostCredentialResolver.test.ts && npx tsx src/server/codeHostConnectors/routingGithubConnector.test.ts && npx tsx src/server/adminIntegrationsHealth.test.ts

✔ resolveIntegrationScope allows free slack without policy (0.601167ms)
✔ resolveIntegrationScope blocks pro slack without allowlist (0.092667ms)
✔ resolveIntegrationScope blocks enterprise slack without allowlist (0.066667ms)
✔ resolveIntegrationScope returns active pro slack channels when allowlisted (0.382ms)
✔ resolveIntegrationScope returns active enterprise slack channels when allowlisted (0.077042ms)
ℹ tests 5
ℹ suites 0
ℹ pass 5
ℹ fail 0
ℹ cancelled 0
ℹ skipped 0
ℹ todo 0
ℹ duration_ms 14.389875
✔ isSlackScopeBlocked is false when scope is not enforced (0.366417ms)
✔ applySlackChannelScope fans out one in:<#id> query per channel (0.383458ms)
✔ stripSlackSearchOperators removes channel redirects but keeps the meaning (0.227333ms)
✔ scopeJobSlackSearchQueries never sends an unscoped job query (0.280958ms)
✔ filterSlackHitsByChannel keeps only allowlisted channels (0.143334ms)
ℹ tests 5
ℹ suites 0
ℹ pass 5
ℹ fail 0
ℹ cancelled 0
ℹ skipped 0
ℹ todo 0
ℹ duration_ms 16.431958
✔ isJiraScopeBlocked is false when scope is not enforced (0.388208ms)
✔ isJiraScopeBlocked is true when enforced with no projects (0.061ms)
✔ applyJiraProjectScope appends project in filters (0.134084ms)
✔ applyConfluenceSpaceScope appends space in filters (0.096666ms)
✔ scope keeps ORDER BY last so JQL and CQL stay legal (0.056916ms)
✔ filterJiraIssuesByProject keeps only allowlisted project keys (0.06525ms)
✔ isConfluenceScopeBlocked is true when enforced with no spaces (0.050041ms)
ℹ tests 7
ℹ suites 0
ℹ pass 7
ℹ fail 0
ℹ cancelled 0
ℹ skipped 0
ℹ todo 0
ℹ duration_ms 17.222917
✔ isNotionScopeBlocked is false when scope is not enforced (0.375125ms)
✔ isNotionScopeBlocked is true when enforced and not allowed (0.061833ms)
✔ notionScopeBlockMessage prefers scope reason (0.055708ms)
✔ filterNotionPagesByScope keeps pages in allowlist or with allowed parent (0.355833ms)
ℹ tests 4
ℹ suites 0
ℹ pass 4
ℹ fail 0
ℹ cancelled 0
ℹ skipped 0
ℹ todo 0
ℹ duration_ms 17.092875
✔ isGoogleDocsScopeBlocked is false when scope is not enforced (0.439792ms)
✔ buildDriveParentsClause handles single and multiple folders (0.119625ms)
✔ applyGoogleDocsFolderScope appends parent filters (0.068792ms)
✔ filterGoogleDocsHitsByFolder keeps hits under allowlisted parents (0.078375ms)
ℹ tests 4
ℹ suites 0
ℹ pass 4
ℹ fail 0
ℹ cancelled 0
ℹ skipped 0
ℹ todo 0
ℹ duration_ms 19.716792
  ✓ wantsJiraContext matches explicit jira questions
  ✓ wantsJiraContext matches ticket + repo phrasing
  ✓ wantsJiraContext matches issue keys in the query
  ✓ buildRepoJql searches owner/repo and every code-host prefix
  ✓ buildRepoJql phrase-quotes prefixed ids and puts GitLab first when preferred
  ✓ buildRepoJql includes repo slug case variants
  ✓ buildIssueKeysJql searches by issue key
  ✓ buildRepoJql returns undefined without repo
  ✓ buildJiraFocusTerms includes path stem and basename
  ✓ buildJiraFocusTerms splits camelCase basename tokens
  ✓ buildFocusAwareJiraJql ANDs repo with file focus
  ✓ buildFocusAwareJiraJql sanitizes hyphenated extras
  ✓ fallbackDecisionJiraJql is one sanitized phrase
  ✓ buildDecisionJiraJql searches words, never a hyphen
  ✓ buildFocusAwareJiraJql extrasOnly skips hyphenated repo AND
  ✓ buildFocusAwareJiraJql undefined without focus
  ✓ rankJiraIssuesForFocus puts path-matching tickets first
  ✓ wantsOpenTickets matches open tickets phrasing
  ✓ wantsRepoLinkedJiraDiscovery matches repo-wide ticket questions
  ✓ collectJiraKeysFromText deduplicates keys from commit messages
  ✓ collectJiraKeysFromText reads keys from confluence-style excerpts
  ✓ buildIssueKeysJql deduplicates mixed-case keys
  ✓ shouldFetchJiraContext includes knowledge-gaps quick action
  ✓ shouldFetchJiraContext includes incident-shaped chat without jira keyword
  ✓ shouldFetchJiraContext respects jira-only allowlist on blast-radius
  ✓ focused Jira asks do not fail-open to a repo-wide dump
  ✓ named issue keys skip the 20-ticket focus text search
  ✓ named keys skip fuzzy JQL unless the user asked for repo-wide tickets
  ✓ job searches do not scan git when phrase and word JQL miss
  ✓ non-job empty text search still scans git when the code host is connected
  ✓ git key scan stays off when text search already hit or the host cannot walk

jiraContext: 31/31 tests passed
✔ fetchJiraSearchContext blocks before Jira credentials when scope has no projects (1.072875ms)
✔ named Jira keys open by ID and skip keyword JQL even if an alias key 404s (2.626792ms)
✔ agent Jira search still opens keys named in the user message (0.490125ms)
✔ missing named keys are returned as errors instead of a silent empty search (0.158375ms)
✔ named keys plus repo-wide discovery still run keyword search (0.22575ms)
✔ project scope does not silently drop named tickets (0.186959ms)
✔ fetchConfluenceSearchContext blocks before Confluence credentials when scope has no spaces (0.255584ms)
✔ fetchNotionSearchContext blocks when notion scope is not allowed (0.161292ms)
✔ fetchGoogleDocsSearchContext blocks when google docs scope is not allowed (0.184709ms)
ℹ tests 9
ℹ suites 0
ℹ pass 9
ℹ fail 0
ℹ cancelled 0
ℹ skipped 0
ℹ todo 0
ℹ duration_ms 23.9725
✔ buildAuthorizeUrl includes client, scopes, and signed state (1.074666ms)
✔ verifyAndParseState rejects tampered state (0.134041ms)
✔ token type helpers distinguish user vs bot prefixes (0.080792ms)
✔ exchangeCode requires authed_user token and stores user refresh not bot (19.713ms)
✔ exchangeCode fails when Slack omits user token (no bot fallback) (0.426042ms)
✔ refreshAccessToken rejects bot tokens (0.222041ms)
ℹ tests 6
ℹ suites 0
ℹ pass 6
ℹ fail 0
ℹ cancelled 0
ℹ skipped 0
ℹ todo 0
ℹ duration_ms 42.031834
✔ listChannelsForScopePicker merges public and private channels (7.13075ms)
✔ listChannelsForScopePicker falls back to public channels when private scope is missing (0.156084ms)
✔ listChannelsForScopePicker deduplicates overlapping channel ids (0.064292ms)
ℹ tests 3
ℹ suites 0
ℹ pass 3
ℹ fail 0
ℹ cancelled 0
ℹ skipped 0
ℹ todo 0
ℹ duration_ms 24.333583
✔ isGithubOAuthInstallation detects synthetic OAuth installation IDs (0.491417ms)
✔ assessGithubConnection marks OAuth as needsReconnect when token expired and no refresh token (0.192709ms)
✔ assessGithubConnection treats OAuth as valid when refresh token exists (0.073666ms)
✔ assessGithubConnection treats GitHub App install as always valid (0.06325ms)
✔ assessGithubConnection returns disconnected when no installation (0.432584ms)
✔ resolveCodeHostTokenForOrg forceRefresh mints a new GitHub App token (0.740334ms)
ℹ tests 6
ℹ suites 0
ℹ pass 6
ℹ fail 0
ℹ cancelled 0
ℹ skipped 0
ℹ todo 0
ℹ duration_ms 20.856458
✔ RoutingGitHubConnector prefers GitHub App install URL when both connectors exist (1.246667ms)
✔ RoutingGitHubConnector delegates OAuth refresh for synthetic installation IDs (0.156042ms)
✔ RoutingGitHubConnector delegates GitHub App refresh for real installation IDs (0.086375ms)
ℹ tests 3
ℹ suites 0
ℹ pass 3
ℹ fail 0
ℹ cancelled 0
ℹ skipped 0
ℹ todo 0
ℹ duration_ms 17.673375
✔ integrations health returns gates for disconnected org (1.263709ms)
✔ integrations health marks slack scope required on enterprise (0.440958ms)
✔ integrations health marks slack scope required on pro (0.261625ms)
✔ integrations list includes github connectionKind metadata (1.050958ms)
✔ integrations list refresh marks github needsReconnect when live test fails (0.625583ms)
✔ integrations health refresh marks github degraded and blocks onboarding (0.301334ms)
✔ integrations list marks google-docs needsReconnect when access expired and refresh is missing (0.219834ms)
✔ integrations list keeps google-docs connected when token is still valid (0.164ms)
ℹ tests 8
ℹ suites 0
ℹ pass 8
ℹ fail 0
ℹ cancelled 0
ℹ skipped 0
ℹ todo 0
ℹ duration_ms 22.207708
