✔ interpreter handoff retains independent write and rejection criteria (1.145541ms)
✔ shouldInterpretChatAsk is true for slash/integration unless skip is set (0.070083ms)
✔ /slack SQL-injection ask searches SQL injection, not the repo slug or whole sentence (11.6905ms)
✔ not mixing still plans a decision job even though MIX_PHRASES miss the gerund (1.295875ms)
✔ model may name the mixing topic the regex list missed (1.025042ms)
✔ plain compound ask still splits locate vs decision with distinct terms (6.163208ms)
✔ rules-only front door preserves both evidence needs for compound reject hunts (3.295ms)
✔ I3 compound ask splits requireAuth locate from peel-auth decision, slack+jira only (0.373541ms)
✔ bare /slack may use the repo (no topic) (0.120208ms)
✔ /blast still runs blast; focus text is interpreted (0.21675ms)
✔ unconstrained blast-shaped English is not a workflow constraint (0.227833ms)
✔ Teams is omitted while TEAMS_COMING_SOON (0.321417ms)
✔ fail-open does not search the repo slug when a topic exists (0.125208ms)
✔ model JSON can write job terms; whole-sentence terms are rejected later by merge (0.167917ms)
✔ N5 locate+decision plans call quarterback refine without a command constraint (0.298417ms)
✔ handleChatSend interprets before routeSlashCommand (slash bypass is impossible) (536.599792ms)
✔ recency-only slashes assign latest with no repo-slug query (0.703625ms)
✔ topic still wins over recency words (0.475083ms)
✔ bare integration slashes still allow repo fallback (0.077125ms)
✔ Use-repo set with no Settings still plans latest and search (0.157166ms)
ℹ tests 20
ℹ suites 0
ℹ pass 20
ℹ fail 0
ℹ cancelled 0
ℹ skipped 0
ℹ todo 0
ℹ duration_ms 578.492917
